ERROR: recognition exception thrown by compiler: := (5:4) operand type does not match identifier type