Exception in thread "main" java.lang.ArithmeticException: / by zero
	at Program.main(program.j)
