0
1
false
true
1
false
true
a
true
3
true
b
true
false
true